// Jest Snapshot v1, https://goo.gl/fbAQLP

exports[`header makes snapshot test 1`] = `
<div>
  <h1>
    This is a headline
  </h1>
</div>
`;
